src/components/CodingActivity.tsx(95,12): error TS6133: 'lastUpdated' is declared but its value is never read.
src/components/CodingActivity.tsx(96,12): error TS6133: 'countdown' is declared but its value is never read.
src/components/CodingActivity.tsx(174,11): error TS6133: 'formatCountdown' is declared but its value is never read.
src/components/Hero.tsx(2,1): error TS6133: 'Link' is declared but its value is never read.
